C51 COMPILER V9.59.0.0   CONFIG                                                            08/17/2024 09:33:45 PAGE 1   


C51 COMPILER V9.59.0.0, COMPILATION OF MODULE CONFIG
OBJECT MODULE PLACED IN .\Objects\config.obj
COMPILER INVOKED BY: D:\Worksoftware\Keil\ARM\C51\BIN\C51.EXE Hardware\config.c OPTIMIZE(8,SPEED) BROWSE INCDIR(.\User;.
                    -\Hardware;.\Startup;.\Readme) DEBUG OBJECTEXTEND PRINT(.\Listings\config.lst) TABS(2) OBJECT(.\Objects\config.obj)

line level    source

   1          #include "config.h"
   2          
   3          void Config_Init(void)
   4          {
   5   1        Buzzer = 1 ; //蜂鸣器上电默认关闭
   6   1        CHLED = 1;   //灯圈上电默认关闭
   7   1        HotWater = 1;//热水开关上电默认关闭
   8   1        NtWater = 1; //冷水开关上电默认关闭 
   9   1        Valve = 0;   //电磁阀上电默认关闭
  10   1        
  11   1      //  LED1 = 0;//LED灯上电常亮
  12   1      //  LED2 = 0;
  13   1      //  LED3 = 0;
  14   1      //  LED4 = 0;
  15   1      }
  16          
  17          void EXTI_Init(void)
  18          {
  19   1        P_SW2 |= 0x80;  //扩展寄存器XFR访问使能
  20   1        P0IM0 = 0x00; //下降沿中断
  21   1        P0IM1 = 0x00;
  22   1        P0INTE |= 0x10; //使能 P0^4口中断
  23   1        P_SW2 &= ~0x80;
  24   1      }


MODULE INFORMATION:   STATIC OVERLAYABLE
   CODE SIZE        =     34    ----
   CONSTANT SIZE    =   ----    ----
   XDATA SIZE       =   ----    ----
   PDATA SIZE       =   ----    ----
   DATA SIZE        =   ----    ----
   IDATA SIZE       =   ----    ----
   BIT SIZE         =   ----    ----
END OF MODULE INFORMATION.


C51 COMPILATION COMPLETE.  0 WARNING(S),  0 ERROR(S)
