C51 COMPILER V9.59.0.0   KEY                                                               08/17/2024 09:33:44 PAGE 1   


C51 COMPILER V9.59.0.0, COMPILATION OF MODULE KEY
OBJECT MODULE PLACED IN .\Objects\key.obj
COMPILER INVOKED BY: D:\Worksoftware\Keil\ARM\C51\BIN\C51.EXE Hardware\key.c OPTIMIZE(8,SPEED) BROWSE INCDIR(.\User;.\Ha
                    -rdware;.\Startup;.\Readme) DEBUG OBJECTEXTEND PRINT(.\Listings\key.lst) TABS(2) OBJECT(.\Objects\key.obj)

line level    source

   1          #include "key.h"
   2          
   3          unsigned char Key_Scan(void)
   4          {
   5   1        u8 key_value = 0;
   6   1        
   7   1        if(key1 == 0) //童锁
   8   1          return 1;
   9   1        if(key2 == 0) //开水
  10   1          return 2;
  11   1        if(key3 == 0) //常温水
  12   1          return 3;
  13   1        if(key4 == 0) //磁化
  14   1          return 4;
  15   1        
  16   1        return key_value;
  17   1      }
  18          
  19          /*
  20          temp: 0-选择热水
  21                1-选择常温水
  22          
  23          Wswitch：  
  24                1-打开出水口
  25                0-关闭出水口
  26          
  27          */
  28          void Faucet_Switch(bit temp, bit Wswitch)
  29          {
  30   1        if(Wswitch == 1)//打开开关
  31   1        {
  32   2        //  Valve = 1;//打开电磁阀
  33   2          if(temp == 0) //开关选择
  34   2          {
  35   3            HotWater = 0;//打开热水
  36   3            NtWater = 1; //关闭常温水
  37   3          } 
  38   2          
  39   2          if(temp == 1)
  40   2          {
  41   3            HotWater = 1;//关闭热水 
  42   3            NtWater = 0; //打开常温水
  43   3          }
  44   2        }
  45   1        
  46   1        if(Wswitch == 0)//关闭开关
  47   1        {
  48   2        //  Valve = 0; //关闭电磁阀
  49   2          HotWater = 1; //关闭热水
  50   2          NtWater = 1;  //关闭常温水
  51   2        } 
  52   1          
  53   1      }

C51 COMPILER V9.59.0.0   KEY                                                               08/17/2024 09:33:44 PAGE 2   


MODULE INFORMATION:   STATIC OVERLAYABLE
   CODE SIZE        =     51    ----
   CONSTANT SIZE    =   ----    ----
   XDATA SIZE       =   ----    ----
   PDATA SIZE       =   ----    ----
   DATA SIZE        =   ----    ----
   IDATA SIZE       =   ----    ----
   BIT SIZE         =   ----       2
END OF MODULE INFORMATION.


C51 COMPILATION COMPLETE.  0 WARNING(S),  0 ERROR(S)
